
> imperil@0.1.0 test
> craco test

npm : PASS src/__tests__/waterDetectionLogic.test.js
At line:1 char:1
+ npm test -- --watchAll=false 2>&1 > test_output.txt; Get-Content test ...
+ ~~~~~~~~~~~~~~~~~~~~~~~~~~~~~~~~~~~~~~~~~~~~~~~~~~~
    + CategoryInfo          : NotSpecified: (PASS src/__test...onLogic.test.js:String) [], RemoteException
    + FullyQualifiedErrorId : NativeCommandError
 
FAIL src/__tests__/waterDetection.test.js
  ΓùÅ Console

    console.error
      Received `false` for a non-boolean attribute `dragging`.
      
      If you want to write it to the DOM, pass a string instead: dragging="false" or dragging={value.toString()}.
      
      If you used to conditionally omit it with dragging={condition && value}, pass dragging={condition ? value : undefined} instead.

    [0m [90m 84 |[39m describe([32m'Water Detection and Hex Styling Tests'[39m[33m,[39m () [33m=>[39m {
     [90m 85 |[39m   test([32m'water hexes have different styling than land hexes'[39m[33m,[39m [36masync[39m () [33m=>[39m {
    [31m[1m>[22m[39m[90m 86 |[39m     render([33m<[39m[33mRiskMap[39m [33m/[39m[33m>[39m)[33m;[39m
     [90m    |[39m           [31m[1m^[22m[39m
     [90m 87 |[39m     
     [90m 88 |[39m     [36mconst[39m polygons [33m=[39m [36mawait[39m screen[33m.[39mfindAllByTestId([32m'polygon'[39m)[33m;[39m
     [90m 89 |[39m     expect(polygons[33m.[39mlength)[33m.[39mtoBeGreaterThan([35m0[39m)[33m;[39m[0m

      at validateProperty (node_modules/react-dom/cjs/react-dom-client.development.js:3078:27)
      at warnUnknownProperties (node_modules/react-dom/cjs/react-dom-client.development.js:3146:9)
      at validatePropertiesInDevelopment (node_modules/react-dom/cjs/react-dom-client.development.js:19868:9)
      at setInitialProperties (node_modules/react-dom/cjs/react-dom-client.development.js:20491:7)
      at completeWork (node_modules/react-dom/cjs/react-dom-client.development.js:12662:18)
      at runWithFiberInDEV (node_modules/react-dom/cjs/react-dom-client.development.js:874:13)
      at completeUnitOfWork (node_modules/react-dom/cjs/react-dom-client.development.js:17777:19)
      at performUnitOfWork (node_modules/react-dom/cjs/react-dom-client.development.js:17658:11)
      at workLoopSync (node_modules/react-dom/cjs/react-dom-client.development.js:17469:41)
      at renderRootSync (node_modules/react-dom/cjs/react-dom-client.development.js:17450:11)
      at performWorkOnRoot (node_modules/react-dom/cjs/react-dom-client.development.js:16504:11)
      at performWorkOnRootViaSchedulerTask (node_modules/react-dom/cjs/react-dom-client.development.js:18957:7)
      at flushActQueue (node_modules/react/cjs/react.development.js:590:34)
      at Object.<anonymous>.process.env.NODE_ENV.exports.act (node_modules/react/cjs/react.development.js:884:10)
      at node_modules/@testing-library/react/dist/act-compat.js:47:25
      at renderRoot (node_modules/@testing-library/react/dist/pure.js:190:26)
      at render (node_modules/@testing-library/react/dist/pure.js:292:10)
      at Object.<anonymous> (src/__tests__/waterDetection.test.js:86:11)

    console.error
      React does not recognize the `scrollWheelZoom` prop on a DOM element. If you intentionally want it to appear in the DOM as a custom 
attribute, spell it as lowercase `scrollwheelzoom` instead. If you accidentally passed it from a parent component, remove it from the DOM 
element.

    [0m [90m 84 |[39m describe([32m'Water Detection and Hex Styling Tests'[39m[33m,[39m () [33m=>[39m {
     [90m 85 |[39m   test([32m'water hexes have different styling than land hexes'[39m[33m,[39m [36masync[39m () [33m=>[39m {
    [31m[1m>[22m[39m[90m 86 |[39m     render([33m<[39m[33mRiskMap[39m [33m/[39m[33m>[39m)[33m;[39m
     [90m    |[39m           [31m[1m^[22m[39m
     [90m 87 |[39m     
     [90m 88 |[39m     [36mconst[39m polygons [33m=[39m [36mawait[39m screen[33m.[39mfindAllByTestId([32m'polygon'[39m)[33m;[39m
     [90m 89 |[39m     expect(polygons[33m.[39mlength)[33m.[39mtoBeGreaterThan([35m0[39m)[33m;[39m[0m

      at validateProperty (node_modules/react-dom/cjs/react-dom-client.development.js:3001:19)
      at warnUnknownProperties (node_modules/react-dom/cjs/react-dom-client.development.js:3146:9)
      at validatePropertiesInDevelopment (node_modules/react-dom/cjs/react-dom-client.development.js:19868:9)
      at setInitialProperties (node_modules/react-dom/cjs/react-dom-client.development.js:20491:7)
      at completeWork (node_modules/react-dom/cjs/react-dom-client.development.js:12662:18)
      at runWithFiberInDEV (node_modules/react-dom/cjs/react-dom-client.development.js:874:13)
      at completeUnitOfWork (node_modules/react-dom/cjs/react-dom-client.development.js:17777:19)
      at performUnitOfWork (node_modules/react-dom/cjs/react-dom-client.development.js:17658:11)
      at workLoopSync (node_modules/react-dom/cjs/react-dom-client.development.js:17469:41)
      at renderRootSync (node_modules/react-dom/cjs/react-dom-client.development.js:17450:11)
      at performWorkOnRoot (node_modules/react-dom/cjs/react-dom-client.development.js:16504:11)
      at performWorkOnRootViaSchedulerTask (node_modules/react-dom/cjs/react-dom-client.development.js:18957:7)
      at flushActQueue (node_modules/react/cjs/react.development.js:590:34)
      at Object.<anonymous>.process.env.NODE_ENV.exports.act (node_modules/react/cjs/react.development.js:884:10)
      at node_modules/@testing-library/react/dist/act-compat.js:47:25
      at renderRoot (node_modules/@testing-library/react/dist/pure.js:190:26)
      at render (node_modules/@testing-library/react/dist/pure.js:292:10)
      at Object.<anonymous> (src/__tests__/waterDetection.test.js:86:11)

    console.error
      React does not recognize the `doubleClickZoom` prop on a DOM element. If you intentionally want it to appear in the DOM as a custom 
attribute, spell it as lowercase `doubleclickzoom` instead. If you accidentally passed it from a parent component, remove it from the DOM 
element.

    [0m [90m 84 |[39m describe([32m'Water Detection and Hex Styling Tests'[39m[33m,[39m () [33m=>[39m {
     [90m 85 |[39m   test([32m'water hexes have different styling than land hexes'[39m[33m,[39m [36masync[39m () [33m=>[39m {
    [31m[1m>[22m[39m[90m 86 |[39m     render([33m<[39m[33mRiskMap[39m [33m/[39m[33m>[39m)[33m;[39m
     [90m    |[39m           [31m[1m^[22m[39m
     [90m 87 |[39m     
     [90m 88 |[39m     [36mconst[39m polygons [33m=[39m [36mawait[39m screen[33m.[39mfindAllByTestId([32m'polygon'[39m)[33m;[39m
     [90m 89 |[39m     expect(polygons[33m.[39mlength)[33m.[39mtoBeGreaterThan([35m0[39m)[33m;[39m[0m

      at validateProperty (node_modules/react-dom/cjs/react-dom-client.development.js:3001:19)
      at warnUnknownProperties (node_modules/react-dom/cjs/react-dom-client.development.js:3146:9)
      at validatePropertiesInDevelopment (node_modules/react-dom/cjs/react-dom-client.development.js:19868:9)
      at setInitialProperties (node_modules/react-dom/cjs/react-dom-client.development.js:20491:7)
      at completeWork (node_modules/react-dom/cjs/react-dom-client.development.js:12662:18)
      at runWithFiberInDEV (node_modules/react-dom/cjs/react-dom-client.development.js:874:13)
      at completeUnitOfWork (node_modules/react-dom/cjs/react-dom-client.development.js:17777:19)
      at performUnitOfWork (node_modules/react-dom/cjs/react-dom-client.development.js:17658:11)
      at workLoopSync (node_modules/react-dom/cjs/react-dom-client.development.js:17469:41)
      at renderRootSync (node_modules/react-dom/cjs/react-dom-client.development.js:17450:11)
      at performWorkOnRoot (node_modules/react-dom/cjs/react-dom-client.development.js:16504:11)
      at performWorkOnRootViaSchedulerTask (node_modules/react-dom/cjs/react-dom-client.development.js:18957:7)
      at flushActQueue (node_modules/react/cjs/react.development.js:590:34)
      at Object.<anonymous>.process.env.NODE_ENV.exports.act (node_modules/react/cjs/react.development.js:884:10)
      at node_modules/@testing-library/react/dist/act-compat.js:47:25
      at renderRoot (node_modules/@testing-library/react/dist/pure.js:190:26)
      at render (node_modules/@testing-library/react/dist/pure.js:292:10)
      at Object.<anonymous> (src/__tests__/waterDetection.test.js:86:11)

    console.error
      React does not recognize the `touchZoom` prop on a DOM element. If you intentionally want it to appear in the DOM as a custom 
attribute, spell it as lowercase `touchzoom` instead. If you accidentally passed it from a parent component, remove it from the DOM element.

    [0m [90m 84 |[39m describe([32m'Water Detection and Hex Styling Tests'[39m[33m,[39m () [33m=>[39m {
     [90m 85 |[39m   test([32m'water hexes have different styling than land hexes'[39m[33m,[39m [36masync[39m () [33m=>[39m {
    [31m[1m>[22m[39m[90m 86 |[39m     render([33m<[39m[33mRiskMap[39m [33m/[39m[33m>[39m)[33m;[39m
     [90m    |[39m           [31m[1m^[22m[39m
     [90m 87 |[39m     
     [90m 88 |[39m     [36mconst[39m polygons [33m=[39m [36mawait[39m screen[33m.[39mfindAllByTestId([32m'polygon'[39m)[33m;[39m
     [90m 89 |[39m     expect(polygons[33m.[39mlength)[33m.[39mtoBeGreaterThan([35m0[39m)[33m;[39m[0m

      at validateProperty (node_modules/react-dom/cjs/react-dom-client.development.js:3001:19)
      at warnUnknownProperties (node_modules/react-dom/cjs/react-dom-client.development.js:3146:9)
      at validatePropertiesInDevelopment (node_modules/react-dom/cjs/react-dom-client.development.js:19868:9)
      at setInitialProperties (node_modules/react-dom/cjs/react-dom-client.development.js:20491:7)
      at completeWork (node_modules/react-dom/cjs/react-dom-client.development.js:12662:18)
      at runWithFiberInDEV (node_modules/react-dom/cjs/react-dom-client.development.js:874:13)
      at completeUnitOfWork (node_modules/react-dom/cjs/react-dom-client.development.js:17777:19)
      at performUnitOfWork (node_modules/react-dom/cjs/react-dom-client.development.js:17658:11)
      at workLoopSync (node_modules/react-dom/cjs/react-dom-client.development.js:17469:41)
      at renderRootSync (node_modules/react-dom/cjs/react-dom-client.development.js:17450:11)
      at performWorkOnRoot (node_modules/react-dom/cjs/react-dom-client.development.js:16504:11)
      at performWorkOnRootViaSchedulerTask (node_modules/react-dom/cjs/react-dom-client.development.js:18957:7)
      at flushActQueue (node_modules/react/cjs/react.development.js:590:34)
      at Object.<anonymous>.process.env.NODE_ENV.exports.act (node_modules/react/cjs/react.development.js:884:10)
      at node_modules/@testing-library/react/dist/act-compat.js:47:25
      at renderRoot (node_modules/@testing-library/react/dist/pure.js:190:26)
      at render (node_modules/@testing-library/react/dist/pure.js:292:10)
      at Object.<anonymous> (src/__tests__/waterDetection.test.js:86:11)

    console.error
      React does not recognize the `boxZoom` prop on a DOM element. If you intentionally want it to appear in the DOM as a custom attribute, 
spell it as lowercase `boxzoom` instead. If you accidentally passed it from a parent component, remove it from the DOM element.

    [0m [90m 84 |[39m describe([32m'Water Detection and Hex Styling Tests'[39m[33m,[39m () [33m=>[39m {
     [90m 85 |[39m   test([32m'water hexes have different styling than land hexes'[39m[33m,[39m [36masync[39m () [33m=>[39m {
    [31m[1m>[22m[39m[90m 86 |[39m     render([33m<[39m[33mRiskMap[39m [33m/[39m[33m>[39m)[33m;[39m
     [90m    |[39m           [31m[1m^[22m[39m
     [90m 87 |[39m     
     [90m 88 |[39m     [36mconst[39m polygons [33m=[39m [36mawait[39m screen[33m.[39mfindAllByTestId([32m'polygon'[39m)[33m;[39m
     [90m 89 |[39m     expect(polygons[33m.[39mlength)[33m.[39mtoBeGreaterThan([35m0[39m)[33m;[39m[0m

      at validateProperty (node_modules/react-dom/cjs/react-dom-client.development.js:3001:19)
      at warnUnknownProperties (node_modules/react-dom/cjs/react-dom-client.development.js:3146:9)
      at validatePropertiesInDevelopment (node_modules/react-dom/cjs/react-dom-client.development.js:19868:9)
      at setInitialProperties (node_modules/react-dom/cjs/react-dom-client.development.js:20491:7)
      at completeWork (node_modules/react-dom/cjs/react-dom-client.development.js:12662:18)
      at runWithFiberInDEV (node_modules/react-dom/cjs/react-dom-client.development.js:874:13)
      at completeUnitOfWork (node_modules/react-dom/cjs/react-dom-client.development.js:17777:19)
      at performUnitOfWork (node_modules/react-dom/cjs/react-dom-client.development.js:17658:11)
      at workLoopSync (node_modules/react-dom/cjs/react-dom-client.development.js:17469:41)
      at renderRootSync (node_modules/react-dom/cjs/react-dom-client.development.js:17450:11)
      at performWorkOnRoot (node_modules/react-dom/cjs/react-dom-client.development.js:16504:11)
      at performWorkOnRootViaSchedulerTask (node_modules/react-dom/cjs/react-dom-client.development.js:18957:7)
      at flushActQueue (node_modules/react/cjs/react.development.js:590:34)
      at Object.<anonymous>.process.env.NODE_ENV.exports.act (node_modules/react/cjs/react.development.js:884:10)
      at node_modules/@testing-library/react/dist/act-compat.js:47:25
      at renderRoot (node_modules/@testing-library/react/dist/pure.js:190:26)
      at render (node_modules/@testing-library/react/dist/pure.js:292:10)
      at Object.<anonymous> (src/__tests__/waterDetection.test.js:86:11)

    console.error
      Received `false` for a non-boolean attribute `keyboard`.
      
      If you want to write it to the DOM, pass a string instead: keyboard="false" or keyboard={value.toString()}.
      
      If you used to conditionally omit it with keyboard={condition && value}, pass keyboard={condition ? value : undefined} instead.

    [0m [90m 84 |[39m describe([32m'Water Detection and Hex Styling Tests'[39m[33m,[39m () [33m=>[39m {
     [90m 85 |[39m   test([32m'water hexes have different styling than land hexes'[39m[33m,[39m [36masync[39m () [33m=>[39m {
    [31m[1m>[22m[39m[90m 86 |[39m     render([33m<[39m[33mRiskMap[39m [33m/[39m[33m>[39m)[33m;[39m
     [90m    |[39m           [31m[1m^[22m[39m
     [90m 87 |[39m     
     [90m 88 |[39m     [36mconst[39m polygons [33m=[39m [36mawait[39m screen[33m.[39mfindAllByTestId([32m'polygon'[39m)[33m;[39m
     [90m 89 |[39m     expect(polygons[33m.[39mlength)[33m.[39mtoBeGreaterThan([35m0[39m)[33m;[39m[0m

      at validateProperty (node_modules/react-dom/cjs/react-dom-client.development.js:3078:27)
      at warnUnknownProperties (node_modules/react-dom/cjs/react-dom-client.development.js:3146:9)
      at validatePropertiesInDevelopment (node_modules/react-dom/cjs/react-dom-client.development.js:19868:9)
      at setInitialProperties (node_modules/react-dom/cjs/react-dom-client.development.js:20491:7)
      at completeWork (node_modules/react-dom/cjs/react-dom-client.development.js:12662:18)
      at runWithFiberInDEV (node_modules/react-dom/cjs/react-dom-client.development.js:874:13)
      at completeUnitOfWork (node_modules/react-dom/cjs/react-dom-client.development.js:17777:19)
      at performUnitOfWork (node_modules/react-dom/cjs/react-dom-client.development.js:17658:11)
      at workLoopSync (node_modules/react-dom/cjs/react-dom-client.development.js:17469:41)
      at renderRootSync (node_modules/react-dom/cjs/react-dom-client.development.js:17450:11)
      at performWorkOnRoot (node_modules/react-dom/cjs/react-dom-client.development.js:16504:11)
      at performWorkOnRootViaSchedulerTask (node_modules/react-dom/cjs/react-dom-client.development.js:18957:7)
      at flushActQueue (node_modules/react/cjs/react.development.js:590:34)
      at Object.<anonymous>.process.env.NODE_ENV.exports.act (node_modules/react/cjs/react.development.js:884:10)
      at node_modules/@testing-library/react/dist/act-compat.js:47:25
      at renderRoot (node_modules/@testing-library/react/dist/pure.js:190:26)
      at render (node_modules/@testing-library/react/dist/pure.js:292:10)
      at Object.<anonymous> (src/__tests__/waterDetection.test.js:86:11)

  ΓùÅ Water Detection and Hex Styling Tests ΓÇ║ water hexes use dashed line styling

    expect(received).toBeGreaterThan(expected)

    Expected: > 0
    Received:   0

    [0m [90m 104 |[39m     [90m// At least some polygons should have dash array (water hexes)[39m
     [90m 105 |[39m     [36mconst[39m polygonsWithDash [33m=[39m polygons[33m.[39mfilter(p [33m=>[39m 
p[33m.[39mdataset[33m.[39mpathDashArray [33m===[39m [32m'5, 5'[39m)[33m;[39m
    [31m[1m>[22m[39m[90m 106 |[39m     expect(polygonsWithDash[33m.[39mlength)[33m.[39mtoBeGreaterThan([35m0[39m)[33m;[39m
     [90m     |[39m                                     [31m[1m^[22m[39m
     [90m 107 |[39m   })[33m;[39m
     [90m 108 |[39m
     [90m 109 |[39m   test([32m'land hexes use solid line styling'[39m[33m,[39m [36masync[39m () [33m=>[39m {[0m

      at Object.<anonymous> (src/__tests__/waterDetection.test.js:106:37)

  ΓùÅ Water Detection and Hex Styling Tests ΓÇ║ land hexes use solid line styling

    expect(received).toBeGreaterThan(expected)

    Expected: > 1
    Received:   1

    [0m [90m 136 |[39m     
     [90m 137 |[39m     [36mconst[39m polygons [33m=[39m [36mawait[39m 
screen[33m.[39mfindAllByTestId([32m'polygon'[39m)[33m;[39m
    [31m[1m>[22m[39m[90m 138 |[39m     expect(polygons[33m.[39mlength)[33m.[39mtoBeGreaterThan([35m1[39m)[33m;[39m [90m// 
Should have multiple polygons now[39m
     [90m     |[39m                             [31m[1m^[22m[39m
     [90m 139 |[39m     
     [90m 140 |[39m     [90m// Some polygons should not have dash array (land hexes)[39m
     [90m 141 |[39m     [90m// null dashArray gets converted to "null" string in data attributes[39m[0m

      at Object.<anonymous> (src/__tests__/waterDetection.test.js:138:29)

  ΓùÅ Water Detection and Hex Styling Tests ΓÇ║ water hexes have reduced opacity

    expect(received).toBeGreaterThan(expected)

    Expected: > 0
    Received:   0

    [0m [90m 157 |[39m     [90m// Check that water hexes have reduced opacity[39m
     [90m 158 |[39m     [36mconst[39m waterHexes [33m=[39m polygons[33m.[39mfilter(p [33m=>[39m 
p[33m.[39mdataset[33m.[39mpathOpacity [33m===[39m [32m'0.4'[39m)[33m;[39m [90m// 0.8 * 0.5[39m
    [31m[1m>[22m[39m[90m 159 |[39m     expect(waterHexes[33m.[39mlength)[33m.[39mtoBeGreaterThan([35m0[39m)[33m;[39m
     [90m     |[39m                               [31m[1m^[22m[39m
     [90m 160 |[39m   })[33m;[39m
     [90m 161 |[39m })[33m;[39m[0m

      at Object.<anonymous> (src/__tests__/waterDetection.test.js:159:31)

PASS src/App.test.js
  ΓùÅ Console

    console.error
      Received `false` for a non-boolean attribute `dragging`.
      
      If you want to write it to the DOM, pass a string instead: dragging="false" or dragging={value.toString()}.
      
      If you used to conditionally omit it with dragging={condition && value}, pass dragging={condition ? value : undefined} instead.

    [0m [90m 44 |[39m
     [90m 45 |[39m test([32m'renders application title and RiskMap container'[39m[33m,[39m () [33m=>[39m {
    [31m[1m>[22m[39m[90m 46 |[39m   render([33m<[39m[33mApp[39m [33m/[39m[33m>[39m)[33m;[39m
     [90m    |[39m         [31m[1m^[22m[39m
     [90m 47 |[39m
     [90m 48 |[39m   expect(screen[33m.[39mgetByRole([32m'heading'[39m[33m,[39m { name[33m:[39m [32m'Imperil: World 
Domination'[39m }))[33m.[39mtoBeInTheDocument()[33m;[39m
     [90m 49 |[39m   expect(screen[33m.[39mgetByTestId([32m'leaflet-map'[39m))[33m.[39mtoBeInTheDocument()[33m;[39m[0m

      at validateProperty (node_modules/react-dom/cjs/react-dom-client.development.js:3078:27)
      at warnUnknownProperties (node_modules/react-dom/cjs/react-dom-client.development.js:3146:9)
      at validatePropertiesInDevelopment (node_modules/react-dom/cjs/react-dom-client.development.js:19868:9)
      at setInitialProperties (node_modules/react-dom/cjs/react-dom-client.development.js:20491:7)
      at completeWork (node_modules/react-dom/cjs/react-dom-client.development.js:12662:18)
      at runWithFiberInDEV (node_modules/react-dom/cjs/react-dom-client.development.js:874:13)
      at completeUnitOfWork (node_modules/react-dom/cjs/react-dom-client.development.js:17777:19)
      at performUnitOfWork (node_modules/react-dom/cjs/react-dom-client.development.js:17658:11)
      at workLoopSync (node_modules/react-dom/cjs/react-dom-client.development.js:17469:41)
      at renderRootSync (node_modules/react-dom/cjs/react-dom-client.development.js:17450:11)
      at performWorkOnRoot (node_modules/react-dom/cjs/react-dom-client.development.js:16504:11)
      at performWorkOnRootViaSchedulerTask (node_modules/react-dom/cjs/react-dom-client.development.js:18957:7)
      at flushActQueue (node_modules/react/cjs/react.development.js:590:34)
      at Object.<anonymous>.process.env.NODE_ENV.exports.act (node_modules/react/cjs/react.development.js:884:10)
      at node_modules/@testing-library/react/dist/act-compat.js:47:25
      at renderRoot (node_modules/@testing-library/react/dist/pure.js:190:26)
      at render (node_modules/@testing-library/react/dist/pure.js:292:10)
      at Object.<anonymous> (src/App.test.js:46:9)

    console.error
      React does not recognize the `scrollWheelZoom` prop on a DOM element. If you intentionally want it to appear in the DOM as a custom 
attribute, spell it as lowercase `scrollwheelzoom` instead. If you accidentally passed it from a parent component, remove it from the DOM 
element.

    [0m [90m 44 |[39m
     [90m 45 |[39m test([32m'renders application title and RiskMap container'[39m[33m,[39m () [33m=>[39m {
    [31m[1m>[22m[39m[90m 46 |[39m   render([33m<[39m[33mApp[39m [33m/[39m[33m>[39m)[33m;[39m
     [90m    |[39m         [31m[1m^[22m[39m
     [90m 47 |[39m
     [90m 48 |[39m   expect(screen[33m.[39mgetByRole([32m'heading'[39m[33m,[39m { name[33m:[39m [32m'Imperil: World 
Domination'[39m }))[33m.[39mtoBeInTheDocument()[33m;[39m
     [90m 49 |[39m   expect(screen[33m.[39mgetByTestId([32m'leaflet-map'[39m))[33m.[39mtoBeInTheDocument()[33m;[39m[0m

      at validateProperty (node_modules/react-dom/cjs/react-dom-client.development.js:3001:19)
      at warnUnknownProperties (node_modules/react-dom/cjs/react-dom-client.development.js:3146:9)
      at validatePropertiesInDevelopment (node_modules/react-dom/cjs/react-dom-client.development.js:19868:9)
      at setInitialProperties (node_modules/react-dom/cjs/react-dom-client.development.js:20491:7)
      at completeWork (node_modules/react-dom/cjs/react-dom-client.development.js:12662:18)
      at runWithFiberInDEV (node_modules/react-dom/cjs/react-dom-client.development.js:874:13)
      at completeUnitOfWork (node_modules/react-dom/cjs/react-dom-client.development.js:17777:19)
      at performUnitOfWork (node_modules/react-dom/cjs/react-dom-client.development.js:17658:11)
      at workLoopSync (node_modules/react-dom/cjs/react-dom-client.development.js:17469:41)
      at renderRootSync (node_modules/react-dom/cjs/react-dom-client.development.js:17450:11)
      at performWorkOnRoot (node_modules/react-dom/cjs/react-dom-client.development.js:16504:11)
      at performWorkOnRootViaSchedulerTask (node_modules/react-dom/cjs/react-dom-client.development.js:18957:7)
      at flushActQueue (node_modules/react/cjs/react.development.js:590:34)
      at Object.<anonymous>.process.env.NODE_ENV.exports.act (node_modules/react/cjs/react.development.js:884:10)
      at node_modules/@testing-library/react/dist/act-compat.js:47:25
      at renderRoot (node_modules/@testing-library/react/dist/pure.js:190:26)
      at render (node_modules/@testing-library/react/dist/pure.js:292:10)
      at Object.<anonymous> (src/App.test.js:46:9)

    console.error
      React does not recognize the `doubleClickZoom` prop on a DOM element. If you intentionally want it to appear in the DOM as a custom 
attribute, spell it as lowercase `doubleclickzoom` instead. If you accidentally passed it from a parent component, remove it from the DOM 
element.

    [0m [90m 44 |[39m
     [90m 45 |[39m test([32m'renders application title and RiskMap container'[39m[33m,[39m () [33m=>[39m {
    [31m[1m>[22m[39m[90m 46 |[39m   render([33m<[39m[33mApp[39m [33m/[39m[33m>[39m)[33m;[39m
     [90m    |[39m         [31m[1m^[22m[39m
     [90m 47 |[39m
     [90m 48 |[39m   expect(screen[33m.[39mgetByRole([32m'heading'[39m[33m,[39m { name[33m:[39m [32m'Imperil: World 
Domination'[39m }))[33m.[39mtoBeInTheDocument()[33m;[39m
     [90m 49 |[39m   expect(screen[33m.[39mgetByTestId([32m'leaflet-map'[39m))[33m.[39mtoBeInTheDocument()[33m;[39m[0m

      at validateProperty (node_modules/react-dom/cjs/react-dom-client.development.js:3001:19)
      at warnUnknownProperties (node_modules/react-dom/cjs/react-dom-client.development.js:3146:9)
      at validatePropertiesInDevelopment (node_modules/react-dom/cjs/react-dom-client.development.js:19868:9)
      at setInitialProperties (node_modules/react-dom/cjs/react-dom-client.development.js:20491:7)
      at completeWork (node_modules/react-dom/cjs/react-dom-client.development.js:12662:18)
      at runWithFiberInDEV (node_modules/react-dom/cjs/react-dom-client.development.js:874:13)
      at completeUnitOfWork (node_modules/react-dom/cjs/react-dom-client.development.js:17777:19)
      at performUnitOfWork (node_modules/react-dom/cjs/react-dom-client.development.js:17658:11)
      at workLoopSync (node_modules/react-dom/cjs/react-dom-client.development.js:17469:41)
      at renderRootSync (node_modules/react-dom/cjs/react-dom-client.development.js:17450:11)
      at performWorkOnRoot (node_modules/react-dom/cjs/react-dom-client.development.js:16504:11)
      at performWorkOnRootViaSchedulerTask (node_modules/react-dom/cjs/react-dom-client.development.js:18957:7)
      at flushActQueue (node_modules/react/cjs/react.development.js:590:34)
      at Object.<anonymous>.process.env.NODE_ENV.exports.act (node_modules/react/cjs/react.development.js:884:10)
      at node_modules/@testing-library/react/dist/act-compat.js:47:25
      at renderRoot (node_modules/@testing-library/react/dist/pure.js:190:26)
      at render (node_modules/@testing-library/react/dist/pure.js:292:10)
      at Object.<anonymous> (src/App.test.js:46:9)

    console.error
      React does not recognize the `touchZoom` prop on a DOM element. If you intentionally want it to appear in the DOM as a custom 
attribute, spell it as lowercase `touchzoom` instead. If you accidentally passed it from a parent component, remove it from the DOM element.

    [0m [90m 44 |[39m
     [90m 45 |[39m test([32m'renders application title and RiskMap container'[39m[33m,[39m () [33m=>[39m {
    [31m[1m>[22m[39m[90m 46 |[39m   render([33m<[39m[33mApp[39m [33m/[39m[33m>[39m)[33m;[39m
     [90m    |[39m         [31m[1m^[22m[39m
     [90m 47 |[39m
     [90m 48 |[39m   expect(screen[33m.[39mgetByRole([32m'heading'[39m[33m,[39m { name[33m:[39m [32m'Imperil: World 
Domination'[39m }))[33m.[39mtoBeInTheDocument()[33m;[39m
     [90m 49 |[39m   expect(screen[33m.[39mgetByTestId([32m'leaflet-map'[39m))[33m.[39mtoBeInTheDocument()[33m;[39m[0m

      at validateProperty (node_modules/react-dom/cjs/react-dom-client.development.js:3001:19)
      at warnUnknownProperties (node_modules/react-dom/cjs/react-dom-client.development.js:3146:9)
      at validatePropertiesInDevelopment (node_modules/react-dom/cjs/react-dom-client.development.js:19868:9)
      at setInitialProperties (node_modules/react-dom/cjs/react-dom-client.development.js:20491:7)
      at completeWork (node_modules/react-dom/cjs/react-dom-client.development.js:12662:18)
      at runWithFiberInDEV (node_modules/react-dom/cjs/react-dom-client.development.js:874:13)
      at completeUnitOfWork (node_modules/react-dom/cjs/react-dom-client.development.js:17777:19)
      at performUnitOfWork (node_modules/react-dom/cjs/react-dom-client.development.js:17658:11)
      at workLoopSync (node_modules/react-dom/cjs/react-dom-client.development.js:17469:41)
      at renderRootSync (node_modules/react-dom/cjs/react-dom-client.development.js:17450:11)
      at performWorkOnRoot (node_modules/react-dom/cjs/react-dom-client.development.js:16504:11)
      at performWorkOnRootViaSchedulerTask (node_modules/react-dom/cjs/react-dom-client.development.js:18957:7)
      at flushActQueue (node_modules/react/cjs/react.development.js:590:34)
      at Object.<anonymous>.process.env.NODE_ENV.exports.act (node_modules/react/cjs/react.development.js:884:10)
      at node_modules/@testing-library/react/dist/act-compat.js:47:25
      at renderRoot (node_modules/@testing-library/react/dist/pure.js:190:26)
      at render (node_modules/@testing-library/react/dist/pure.js:292:10)
      at Object.<anonymous> (src/App.test.js:46:9)

    console.error
      React does not recognize the `boxZoom` prop on a DOM element. If you intentionally want it to appear in the DOM as a custom attribute, 
spell it as lowercase `boxzoom` instead. If you accidentally passed it from a parent component, remove it from the DOM element.

    [0m [90m 44 |[39m
     [90m 45 |[39m test([32m'renders application title and RiskMap container'[39m[33m,[39m () [33m=>[39m {
    [31m[1m>[22m[39m[90m 46 |[39m   render([33m<[39m[33mApp[39m [33m/[39m[33m>[39m)[33m;[39m
     [90m    |[39m         [31m[1m^[22m[39m
     [90m 47 |[39m
     [90m 48 |[39m   expect(screen[33m.[39mgetByRole([32m'heading'[39m[33m,[39m { name[33m:[39m [32m'Imperil: World 
Domination'[39m }))[33m.[39mtoBeInTheDocument()[33m;[39m
     [90m 49 |[39m   expect(screen[33m.[39mgetByTestId([32m'leaflet-map'[39m))[33m.[39mtoBeInTheDocument()[33m;[39m[0m

      at validateProperty (node_modules/react-dom/cjs/react-dom-client.development.js:3001:19)
      at warnUnknownProperties (node_modules/react-dom/cjs/react-dom-client.development.js:3146:9)
      at validatePropertiesInDevelopment (node_modules/react-dom/cjs/react-dom-client.development.js:19868:9)
      at setInitialProperties (node_modules/react-dom/cjs/react-dom-client.development.js:20491:7)
      at completeWork (node_modules/react-dom/cjs/react-dom-client.development.js:12662:18)
      at runWithFiberInDEV (node_modules/react-dom/cjs/react-dom-client.development.js:874:13)
      at completeUnitOfWork (node_modules/react-dom/cjs/react-dom-client.development.js:17777:19)
      at performUnitOfWork (node_modules/react-dom/cjs/react-dom-client.development.js:17658:11)
      at workLoopSync (node_modules/react-dom/cjs/react-dom-client.development.js:17469:41)
      at renderRootSync (node_modules/react-dom/cjs/react-dom-client.development.js:17450:11)
      at performWorkOnRoot (node_modules/react-dom/cjs/react-dom-client.development.js:16504:11)
      at performWorkOnRootViaSchedulerTask (node_modules/react-dom/cjs/react-dom-client.development.js:18957:7)
      at flushActQueue (node_modules/react/cjs/react.development.js:590:34)
      at Object.<anonymous>.process.env.NODE_ENV.exports.act (node_modules/react/cjs/react.development.js:884:10)
      at node_modules/@testing-library/react/dist/act-compat.js:47:25
      at renderRoot (node_modules/@testing-library/react/dist/pure.js:190:26)
      at render (node_modules/@testing-library/react/dist/pure.js:292:10)
      at Object.<anonymous> (src/App.test.js:46:9)

    console.error
      Received `false` for a non-boolean attribute `keyboard`.
      
      If you want to write it to the DOM, pass a string instead: keyboard="false" or keyboard={value.toString()}.
      
      If you used to conditionally omit it with keyboard={condition && value}, pass keyboard={condition ? value : undefined} instead.

    [0m [90m 44 |[39m
     [90m 45 |[39m test([32m'renders application title and RiskMap container'[39m[33m,[39m () [33m=>[39m {
    [31m[1m>[22m[39m[90m 46 |[39m   render([33m<[39m[33mApp[39m [33m/[39m[33m>[39m)[33m;[39m
     [90m    |[39m         [31m[1m^[22m[39m
     [90m 47 |[39m
     [90m 48 |[39m   expect(screen[33m.[39mgetByRole([32m'heading'[39m[33m,[39m { name[33m:[39m [32m'Imperil: World 
Domination'[39m }))[33m.[39mtoBeInTheDocument()[33m;[39m
     [90m 49 |[39m   expect(screen[33m.[39mgetByTestId([32m'leaflet-map'[39m))[33m.[39mtoBeInTheDocument()[33m;[39m[0m

      at validateProperty (node_modules/react-dom/cjs/react-dom-client.development.js:3078:27)
      at warnUnknownProperties (node_modules/react-dom/cjs/react-dom-client.development.js:3146:9)
      at validatePropertiesInDevelopment (node_modules/react-dom/cjs/react-dom-client.development.js:19868:9)
      at setInitialProperties (node_modules/react-dom/cjs/react-dom-client.development.js:20491:7)
      at completeWork (node_modules/react-dom/cjs/react-dom-client.development.js:12662:18)
      at runWithFiberInDEV (node_modules/react-dom/cjs/react-dom-client.development.js:874:13)
      at completeUnitOfWork (node_modules/react-dom/cjs/react-dom-client.development.js:17777:19)
      at performUnitOfWork (node_modules/react-dom/cjs/react-dom-client.development.js:17658:11)
      at workLoopSync (node_modules/react-dom/cjs/react-dom-client.development.js:17469:41)
      at renderRootSync (node_modules/react-dom/cjs/react-dom-client.development.js:17450:11)
      at performWorkOnRoot (node_modules/react-dom/cjs/react-dom-client.development.js:16504:11)
      at performWorkOnRootViaSchedulerTask (node_modules/react-dom/cjs/react-dom-client.development.js:18957:7)
      at flushActQueue (node_modules/react/cjs/react.development.js:590:34)
      at Object.<anonymous>.process.env.NODE_ENV.exports.act (node_modules/react/cjs/react.development.js:884:10)
      at node_modules/@testing-library/react/dist/act-compat.js:47:25
      at renderRoot (node_modules/@testing-library/react/dist/pure.js:190:26)
      at render (node_modules/@testing-library/react/dist/pure.js:292:10)
      at Object.<anonymous> (src/App.test.js:46:9)

    console.error
      React does not recognize the `eventHandlers` prop on a DOM element. If you intentionally want it to appear in the DOM as a custom 
attribute, spell it as lowercase `eventhandlers` instead. If you accidentally passed it from a parent component, remove it from the DOM 
element.

    [0m [90m 44 |[39m
     [90m 45 |[39m test([32m'renders application title and RiskMap container'[39m[33m,[39m () [33m=>[39m {
    [31m[1m>[22m[39m[90m 46 |[39m   render([33m<[39m[33mApp[39m [33m/[39m[33m>[39m)[33m;[39m
     [90m    |[39m         [31m[1m^[22m[39m
     [90m 47 |[39m
     [90m 48 |[39m   expect(screen[33m.[39mgetByRole([32m'heading'[39m[33m,[39m { name[33m:[39m [32m'Imperil: World 
Domination'[39m }))[33m.[39mtoBeInTheDocument()[33m;[39m
     [90m 49 |[39m   expect(screen[33m.[39mgetByTestId([32m'leaflet-map'[39m))[33m.[39mtoBeInTheDocument()[33m;[39m[0m

      at validateProperty (node_modules/react-dom/cjs/react-dom-client.development.js:3001:19)
      at warnUnknownProperties (node_modules/react-dom/cjs/react-dom-client.development.js:3146:9)
      at validatePropertiesInDevelopment (node_modules/react-dom/cjs/react-dom-client.development.js:19868:9)
      at setInitialProperties (node_modules/react-dom/cjs/react-dom-client.development.js:20491:7)
      at completeWork (node_modules/react-dom/cjs/react-dom-client.development.js:12662:18)
      at runWithFiberInDEV (node_modules/react-dom/cjs/react-dom-client.development.js:874:13)
      at completeUnitOfWork (node_modules/react-dom/cjs/react-dom-client.development.js:17777:19)
      at performUnitOfWork (node_modules/react-dom/cjs/react-dom-client.development.js:17658:11)
      at workLoopSync (node_modules/react-dom/cjs/react-dom-client.development.js:17469:41)
      at renderRootSync (node_modules/react-dom/cjs/react-dom-client.development.js:17450:11)
      at performWorkOnRoot (node_modules/react-dom/cjs/react-dom-client.development.js:16504:11)
      at performWorkOnRootViaSchedulerTask (node_modules/react-dom/cjs/react-dom-client.development.js:18957:7)
      at flushActQueue (node_modules/react/cjs/react.development.js:590:34)
      at Object.<anonymous>.process.env.NODE_ENV.exports.act (node_modules/react/cjs/react.development.js:884:10)
      at node_modules/@testing-library/react/dist/act-compat.js:47:25
      at renderRoot (node_modules/@testing-library/react/dist/pure.js:190:26)
      at render (node_modules/@testing-library/react/dist/pure.js:292:10)
      at Object.<anonymous> (src/App.test.js:46:9)

PASS src/__tests__/RiskMap.test.js
  ΓùÅ Console

    console.error
      Received `false` for a non-boolean attribute `dragging`.
      
      If you want to write it to the DOM, pass a string instead: dragging="false" or dragging={value.toString()}.
      
      If you used to conditionally omit it with dragging={condition && value}, pass dragging={condition ? value : undefined} instead.

    [0m [90m  97 |[39m
     [90m  98 |[39m   test([32m'RiskMap wires MapContainer, TileLayer, and hex polygons'[39m[33m,[39m [36masync[39m () [33m=>[39m {
    [31m[1m>[22m[39m[90m  99 |[39m     render([33m<[39m[33mRiskMap[39m [33m/[39m[33m>[39m)[33m;[39m
     [90m     |[39m           [31m[1m^[22m[39m
     [90m 100 |[39m
     [90m 101 |[39m     [36mconst[39m mapContainer [33m=[39m [36mawait[39m 
screen[33m.[39mfindByTestId([32m'leaflet-map'[39m)[33m;[39m
     [90m 102 |[39m     [36mawait[39m waitFor(() [33m=>[39m {[0m

      at validateProperty (node_modules/react-dom/cjs/react-dom-client.development.js:3078:27)
      at warnUnknownProperties (node_modules/react-dom/cjs/react-dom-client.development.js:3146:9)
      at validatePropertiesInDevelopment (node_modules/react-dom/cjs/react-dom-client.development.js:19868:9)
      at setInitialProperties (node_modules/react-dom/cjs/react-dom-client.development.js:20491:7)
      at completeWork (node_modules/react-dom/cjs/react-dom-client.development.js:12662:18)
      at runWithFiberInDEV (node_modules/react-dom/cjs/react-dom-client.development.js:874:13)
      at completeUnitOfWork (node_modules/react-dom/cjs/react-dom-client.development.js:17777:19)
      at performUnitOfWork (node_modules/react-dom/cjs/react-dom-client.development.js:17658:11)
      at workLoopSync (node_modules/react-dom/cjs/react-dom-client.development.js:17469:41)
      at renderRootSync (node_modules/react-dom/cjs/react-dom-client.development.js:17450:11)
      at performWorkOnRoot (node_modules/react-dom/cjs/react-dom-client.development.js:16504:11)
      at performWorkOnRootViaSchedulerTask (node_modules/react-dom/cjs/react-dom-client.development.js:18957:7)
      at flushActQueue (node_modules/react/cjs/react.development.js:590:34)
      at Object.<anonymous>.process.env.NODE_ENV.exports.act (node_modules/react/cjs/react.development.js:884:10)
      at node_modules/@testing-library/react/dist/act-compat.js:47:25
      at renderRoot (node_modules/@testing-library/react/dist/pure.js:190:26)
      at render (node_modules/@testing-library/react/dist/pure.js:292:10)
      at Object.<anonymous> (src/__tests__/RiskMap.test.js:99:11)

    console.error
      React does not recognize the `scrollWheelZoom` prop on a DOM element. If you intentionally want it to appear in the DOM as a custom 
attribute, spell it as lowercase `scrollwheelzoom` instead. If you accidentally passed it from a parent component, remove it from the DOM 
element.

    [0m [90m  97 |[39m
     [90m  98 |[39m   test([32m'RiskMap wires MapContainer, TileLayer, and hex polygons'[39m[33m,[39m [36masync[39m () [33m=>[39m {
    [31m[1m>[22m[39m[90m  99 |[39m     render([33m<[39m[33mRiskMap[39m [33m/[39m[33m>[39m)[33m;[39m
     [90m     |[39m           [31m[1m^[22m[39m
     [90m 100 |[39m
     [90m 101 |[39m     [36mconst[39m mapContainer [33m=[39m [36mawait[39m 
screen[33m.[39mfindByTestId([32m'leaflet-map'[39m)[33m;[39m
     [90m 102 |[39m     [36mawait[39m waitFor(() [33m=>[39m {[0m

      at validateProperty (node_modules/react-dom/cjs/react-dom-client.development.js:3001:19)
      at warnUnknownProperties (node_modules/react-dom/cjs/react-dom-client.development.js:3146:9)
      at validatePropertiesInDevelopment (node_modules/react-dom/cjs/react-dom-client.development.js:19868:9)
      at setInitialProperties (node_modules/react-dom/cjs/react-dom-client.development.js:20491:7)
      at completeWork (node_modules/react-dom/cjs/react-dom-client.development.js:12662:18)
      at runWithFiberInDEV (node_modules/react-dom/cjs/react-dom-client.development.js:874:13)
      at completeUnitOfWork (node_modules/react-dom/cjs/react-dom-client.development.js:17777:19)
      at performUnitOfWork (node_modules/react-dom/cjs/react-dom-client.development.js:17658:11)
      at workLoopSync (node_modules/react-dom/cjs/react-dom-client.development.js:17469:41)
      at renderRootSync (node_modules/react-dom/cjs/react-dom-client.development.js:17450:11)
      at performWorkOnRoot (node_modules/react-dom/cjs/react-dom-client.development.js:16504:11)
      at performWorkOnRootViaSchedulerTask (node_modules/react-dom/cjs/react-dom-client.development.js:18957:7)
      at flushActQueue (node_modules/react/cjs/react.development.js:590:34)
      at Object.<anonymous>.process.env.NODE_ENV.exports.act (node_modules/react/cjs/react.development.js:884:10)
      at node_modules/@testing-library/react/dist/act-compat.js:47:25
      at renderRoot (node_modules/@testing-library/react/dist/pure.js:190:26)
      at render (node_modules/@testing-library/react/dist/pure.js:292:10)
      at Object.<anonymous> (src/__tests__/RiskMap.test.js:99:11)

    console.error
      React does not recognize the `doubleClickZoom` prop on a DOM element. If you intentionally want it to appear in the DOM as a custom 
attribute, spell it as lowercase `doubleclickzoom` instead. If you accidentally passed it from a parent component, remove it from the DOM 
element.

    [0m [90m  97 |[39m
     [90m  98 |[39m   test([32m'RiskMap wires MapContainer, TileLayer, and hex polygons'[39m[33m,[39m [36masync[39m () [33m=>[39m {
    [31m[1m>[22m[39m[90m  99 |[39m     render([33m<[39m[33mRiskMap[39m [33m/[39m[33m>[39m)[33m;[39m
     [90m     |[39m           [31m[1m^[22m[39m
     [90m 100 |[39m
     [90m 101 |[39m     [36mconst[39m mapContainer [33m=[39m [36mawait[39m 
screen[33m.[39mfindByTestId([32m'leaflet-map'[39m)[33m;[39m
     [90m 102 |[39m     [36mawait[39m waitFor(() [33m=>[39m {[0m

      at validateProperty (node_modules/react-dom/cjs/react-dom-client.development.js:3001:19)
      at warnUnknownProperties (node_modules/react-dom/cjs/react-dom-client.development.js:3146:9)
      at validatePropertiesInDevelopment (node_modules/react-dom/cjs/react-dom-client.development.js:19868:9)
      at setInitialProperties (node_modules/react-dom/cjs/react-dom-client.development.js:20491:7)
      at completeWork (node_modules/react-dom/cjs/react-dom-client.development.js:12662:18)
      at runWithFiberInDEV (node_modules/react-dom/cjs/react-dom-client.development.js:874:13)
      at completeUnitOfWork (node_modules/react-dom/cjs/react-dom-client.development.js:17777:19)
      at performUnitOfWork (node_modules/react-dom/cjs/react-dom-client.development.js:17658:11)
      at workLoopSync (node_modules/react-dom/cjs/react-dom-client.development.js:17469:41)
      at renderRootSync (node_modules/react-dom/cjs/react-dom-client.development.js:17450:11)
      at performWorkOnRoot (node_modules/react-dom/cjs/react-dom-client.development.js:16504:11)
      at performWorkOnRootViaSchedulerTask (node_modules/react-dom/cjs/react-dom-client.development.js:18957:7)
      at flushActQueue (node_modules/react/cjs/react.development.js:590:34)
      at Object.<anonymous>.process.env.NODE_ENV.exports.act (node_modules/react/cjs/react.development.js:884:10)
      at node_modules/@testing-library/react/dist/act-compat.js:47:25
      at renderRoot (node_modules/@testing-library/react/dist/pure.js:190:26)
      at render (node_modules/@testing-library/react/dist/pure.js:292:10)
      at Object.<anonymous> (src/__tests__/RiskMap.test.js:99:11)

    console.error
      React does not recognize the `touchZoom` prop on a DOM element. If you intentionally want it to appear in the DOM as a custom 
attribute, spell it as lowercase `touchzoom` instead. If you accidentally passed it from a parent component, remove it from the DOM element.

    [0m [90m  97 |[39m
     [90m  98 |[39m   test([32m'RiskMap wires MapContainer, TileLayer, and hex polygons'[39m[33m,[39m [36masync[39m () [33m=>[39m {
    [31m[1m>[22m[39m[90m  99 |[39m     render([33m<[39m[33mRiskMap[39m [33m/[39m[33m>[39m)[33m;[39m
     [90m     |[39m           [31m[1m^[22m[39m
     [90m 100 |[39m
     [90m 101 |[39m     [36mconst[39m mapContainer [33m=[39m [36mawait[39m 
screen[33m.[39mfindByTestId([32m'leaflet-map'[39m)[33m;[39m
     [90m 102 |[39m     [36mawait[39m waitFor(() [33m=>[39m {[0m

      at validateProperty (node_modules/react-dom/cjs/react-dom-client.development.js:3001:19)
      at warnUnknownProperties (node_modules/react-dom/cjs/react-dom-client.development.js:3146:9)
      at validatePropertiesInDevelopment (node_modules/react-dom/cjs/react-dom-client.development.js:19868:9)
      at setInitialProperties (node_modules/react-dom/cjs/react-dom-client.development.js:20491:7)
      at completeWork (node_modules/react-dom/cjs/react-dom-client.development.js:12662:18)
      at runWithFiberInDEV (node_modules/react-dom/cjs/react-dom-client.development.js:874:13)
      at completeUnitOfWork (node_modules/react-dom/cjs/react-dom-client.development.js:17777:19)
      at performUnitOfWork (node_modules/react-dom/cjs/react-dom-client.development.js:17658:11)
      at workLoopSync (node_modules/react-dom/cjs/react-dom-client.development.js:17469:41)
      at renderRootSync (node_modules/react-dom/cjs/react-dom-client.development.js:17450:11)
      at performWorkOnRoot (node_modules/react-dom/cjs/react-dom-client.development.js:16504:11)
      at performWorkOnRootViaSchedulerTask (node_modules/react-dom/cjs/react-dom-client.development.js:18957:7)
      at flushActQueue (node_modules/react/cjs/react.development.js:590:34)
      at Object.<anonymous>.process.env.NODE_ENV.exports.act (node_modules/react/cjs/react.development.js:884:10)
      at node_modules/@testing-library/react/dist/act-compat.js:47:25
      at renderRoot (node_modules/@testing-library/react/dist/pure.js:190:26)
      at render (node_modules/@testing-library/react/dist/pure.js:292:10)
      at Object.<anonymous> (src/__tests__/RiskMap.test.js:99:11)

    console.error
      React does not recognize the `boxZoom` prop on a DOM element. If you intentionally want it to appear in the DOM as a custom attribute, 
spell it as lowercase `boxzoom` instead. If you accidentally passed it from a parent component, remove it from the DOM element.

    [0m [90m  97 |[39m
     [90m  98 |[39m   test([32m'RiskMap wires MapContainer, TileLayer, and hex polygons'[39m[33m,[39m [36masync[39m () [33m=>[39m {
    [31m[1m>[22m[39m[90m  99 |[39m     render([33m<[39m[33mRiskMap[39m [33m/[39m[33m>[39m)[33m;[39m
     [90m     |[39m           [31m[1m^[22m[39m
     [90m 100 |[39m
     [90m 101 |[39m     [36mconst[39m mapContainer [33m=[39m [36mawait[39m 
screen[33m.[39mfindByTestId([32m'leaflet-map'[39m)[33m;[39m
     [90m 102 |[39m     [36mawait[39m waitFor(() [33m=>[39m {[0m

      at validateProperty (node_modules/react-dom/cjs/react-dom-client.development.js:3001:19)
      at warnUnknownProperties (node_modules/react-dom/cjs/react-dom-client.development.js:3146:9)
      at validatePropertiesInDevelopment (node_modules/react-dom/cjs/react-dom-client.development.js:19868:9)
      at setInitialProperties (node_modules/react-dom/cjs/react-dom-client.development.js:20491:7)
      at completeWork (node_modules/react-dom/cjs/react-dom-client.development.js:12662:18)
      at runWithFiberInDEV (node_modules/react-dom/cjs/react-dom-client.development.js:874:13)
      at completeUnitOfWork (node_modules/react-dom/cjs/react-dom-client.development.js:17777:19)
      at performUnitOfWork (node_modules/react-dom/cjs/react-dom-client.development.js:17658:11)
      at workLoopSync (node_modules/react-dom/cjs/react-dom-client.development.js:17469:41)
      at renderRootSync (node_modules/react-dom/cjs/react-dom-client.development.js:17450:11)
      at performWorkOnRoot (node_modules/react-dom/cjs/react-dom-client.development.js:16504:11)
      at performWorkOnRootViaSchedulerTask (node_modules/react-dom/cjs/react-dom-client.development.js:18957:7)
      at flushActQueue (node_modules/react/cjs/react.development.js:590:34)
      at Object.<anonymous>.process.env.NODE_ENV.exports.act (node_modules/react/cjs/react.development.js:884:10)
      at node_modules/@testing-library/react/dist/act-compat.js:47:25
      at renderRoot (node_modules/@testing-library/react/dist/pure.js:190:26)
      at render (node_modules/@testing-library/react/dist/pure.js:292:10)
      at Object.<anonymous> (src/__tests__/RiskMap.test.js:99:11)

    console.error
      Received `false` for a non-boolean attribute `keyboard`.
      
      If you want to write it to the DOM, pass a string instead: keyboard="false" or keyboard={value.toString()}.
      
      If you used to conditionally omit it with keyboard={condition && value}, pass keyboard={condition ? value : undefined} instead.

    [0m [90m  97 |[39m
     [90m  98 |[39m   test([32m'RiskMap wires MapContainer, TileLayer, and hex polygons'[39m[33m,[39m [36masync[39m () [33m=>[39m {
    [31m[1m>[22m[39m[90m  99 |[39m     render([33m<[39m[33mRiskMap[39m [33m/[39m[33m>[39m)[33m;[39m
     [90m     |[39m           [31m[1m^[22m[39m
     [90m 100 |[39m
     [90m 101 |[39m     [36mconst[39m mapContainer [33m=[39m [36mawait[39m 
screen[33m.[39mfindByTestId([32m'leaflet-map'[39m)[33m;[39m
     [90m 102 |[39m     [36mawait[39m waitFor(() [33m=>[39m {[0m

      at validateProperty (node_modules/react-dom/cjs/react-dom-client.development.js:3078:27)
      at warnUnknownProperties (node_modules/react-dom/cjs/react-dom-client.development.js:3146:9)
      at validatePropertiesInDevelopment (node_modules/react-dom/cjs/react-dom-client.development.js:19868:9)
      at setInitialProperties (node_modules/react-dom/cjs/react-dom-client.development.js:20491:7)
      at completeWork (node_modules/react-dom/cjs/react-dom-client.development.js:12662:18)
      at runWithFiberInDEV (node_modules/react-dom/cjs/react-dom-client.development.js:874:13)
      at completeUnitOfWork (node_modules/react-dom/cjs/react-dom-client.development.js:17777:19)
      at performUnitOfWork (node_modules/react-dom/cjs/react-dom-client.development.js:17658:11)
      at workLoopSync (node_modules/react-dom/cjs/react-dom-client.development.js:17469:41)
      at renderRootSync (node_modules/react-dom/cjs/react-dom-client.development.js:17450:11)
      at performWorkOnRoot (node_modules/react-dom/cjs/react-dom-client.development.js:16504:11)
      at performWorkOnRootViaSchedulerTask (node_modules/react-dom/cjs/react-dom-client.development.js:18957:7)
      at flushActQueue (node_modules/react/cjs/react.development.js:590:34)
      at Object.<anonymous>.process.env.NODE_ENV.exports.act (node_modules/react/cjs/react.development.js:884:10)
      at node_modules/@testing-library/react/dist/act-compat.js:47:25
      at renderRoot (node_modules/@testing-library/react/dist/pure.js:190:26)
      at render (node_modules/@testing-library/react/dist/pure.js:292:10)
      at Object.<anonymous> (src/__tests__/RiskMap.test.js:99:11)


Test Suites: 1 failed, 3 passed, 4 total
Tests:       3 failed, 11 passed, 14 total
Snapshots:   0 total
Time:        2.453 s
Ran all test suites.
